<?xml version="1.0" encoding="utf-8"?><testsuites name="pytest tests"><testsuite name="pytest" errors="0" failures="0" skipped="0" tests="0" time="84.115" timestamp="2026-08-14T13:09:49.609058+05:30" hostname="C-5CG42537GT" /></testsuites>